
> backend@1.0.0 test
> jest __tests__/attempt.test.js

  console.log
    [dotenv@17.2.3] injecting env (2) from .env -- tip: ­ƒøá´©Å  run anywhere with `dotenvx run -- yourcommand`

      at _log (node_modules/dotenv/lib/main.js:142:11)

  console.log
    [dotenv@17.2.3] injecting env (0) from .env -- tip: ­ƒæÑ sync secrets across teammates & machines: https://dotenvx.com/ops

      at _log (node_modules/dotenv/lib/main.js:142:11)

node.exe : (node:19904) [MONGODB 
DRIVER] Warning: useNewUrlParser 
is a deprecated option: 
useNewUrlParser has no effect 
since Node.js Driver version 
4.0.0 and will be removed in the 
next major version
En línea: 1 Carácter: 1
+ & "C:\Program 
Files\nodejs/node.exe" 
"C:\Program Files\nodejs/node_mo 
...
+ ~~~~~~~~~~~~~~~~~~~~~~~~~~~~~~~
~~~~~~~~~~~~~~~~~~~~~~~~~~~~~~~~~
~~~~~
    + CategoryInfo          : No 
   tSpecified: ((node:19904) [M  
  ...t major version:String) [   
 ], RemoteException
    + FullyQualifiedErrorId : Na 
   tiveCommandError
 
(Use `node --trace-warnings ...` 
to show where the warning was 
created)
(node:19904) [MONGODB DRIVER] 
Warning: useUnifiedTopology is a 
deprecated option: 
useUnifiedTopology has no effect 
since Node.js Driver version 
4.0.0 and will be removed in the 
next major version
  console.log
    Iniciando evaluaci├│n para 1 respuestas.

      at Object.log [as createAttempt] (services/attemptService.js:21:13)

  console.log
    Respuesta evaluada para pregunta 692cfce89fe1f97883eaa15a. Puntuaci├│n: 1

      at log (services/attemptService.js:29:21)
          at async Promise.all (index 0)

  console.log
    Evaluaci├│n completada. Puntuaci├│n total: 01/5 (20.00%)

      at Object.log [as createAttempt] (services/attemptService.js:60:13)

  console.log
    Nuevo intento guardado con ID: new ObjectId('692cfcea9fe1f97883eaa15c')

      at Object.log [as createAttempt] (services/attemptService.js:73:17)

  console.log
    DEBUG: userId: new ObjectId('692cfce89fe1f97883eaa14e')

      at Object.log (__tests__/attempt.test.js:75:17)

  console.log
    DEBUG: textId: new ObjectId('692cfce89fe1f97883eaa151')

      at Object.log (__tests__/attempt.test.js:76:17)

  console.log
    DEBUG: Saved Attempt: {
      userId: new ObjectId('692cfce89fe1f97883eaa14e'),
      textId: new ObjectId('692cfce89fe1f97883eaa151'),
      answers: [
        {
          preguntaId: new ObjectId('692cfcea9fe1f97883eaa15f'),
          questionText: 'Q',
          userAnswer: 'A',
          score: 1,
          feedback: 'Good'
        }
      ],
      totalScore: 80,
      _id: new ObjectId('692cfcea9fe1f97883eaa160'),
      createdAt: 2025-12-01T02:26:50.590Z,
      __v: 0
    }

      at Object.log (__tests__/attempt.test.js:91:17)

  console.log
    DEBUG: Response Status: 404

      at Object.log (__tests__/attempt.test.js:97:17)

  console.log
    DEBUG: Response Body: {}

      at Object.log (__tests__/attempt.test.js:98:17)

FAIL __tests__/attempt.test.js
  Attempt API
    ÔêÜ POST /attempts - 
deber├¡a crear un intento (1636 
ms)
    ├ù GET 
/attempts/history/:textId - 
deber├¡a obtener el intento (16 
ms)
    ÔêÜ POST /attempts - 
deber├¡a fallar si faltan datos 
(400) (4 ms)
    ÔêÜ GET 
/attempts/history/:textId - 
deber├¡a devolver 404 si no hay 
intento (5 ms)

  ÔùÅ Attempt API ÔÇ║ GET 
/attempts/history/:textId - 
deber├¡a obtener el intento

    
expect(received).toBe(expected) 
// Object.is equality

    Expected: 200
    Received: 404

    [0m [90m  98 |[39m        
 console[33m.[39mlog([32m'DEBU
G: Response 
Body:'[39m[33m,[39m response[
33m.[39mbody)[33m;[39m
     [90m  99 |[39m
    [31m[1m>[22m[39m[90m 
100 |[39m         expect(respons
e[33m.[39mstatusCode)[33m.[39
mtoBe([35m200[39m)[33m;[39m
     [90m     |[39m            
                         
[31m[1m^[22m[39m
     [90m 101 |[39m         exp
ect(response[33m.[39mbody)[33m
.[39mtoHaveProperty([32m'userId
'[39m[33m,[39m userId[33m.[3
9mtoString())[33m;[39m
     [90m 102 |[39m     
})[33m;[39m
     [90m 103 |[39m[0m

      at Object.toBe (__tests__/a
ttempt.test.js:100:37)

Test Suites: 1 failed, 1 total
Tests:       1 failed, 3 passed, 
4 total
Snapshots:   0 total
Time:        3.056 s
Ran all test suites matching 
__tests__/attempt.test.js.
